2025-03-26 12:15:43,449 - ERROR - [/dev/ttyACM0] Connection failed: could not open port '/dev/ttyACM0': FileNotFoundError(2, 'The system cannot find the path specified.', None, 3)
2025-03-26 12:15:43,449 - ERROR - [/dev/ttyACM1] Connection failed: could not open port '/dev/ttyACM1': FileNotFoundError(2, 'The system cannot find the path specified.', None, 3)
2025-03-26 12:15:43,452 - ERROR - [/dev/ttyACM2] Connection failed: could not open port '/dev/ttyACM2': FileNotFoundError(2, 'The system cannot find the path specified.', None, 3)
2025-03-26 12:15:43,452 - ERROR - [/dev/ttyACM3] Connection failed: could not open port '/dev/ttyACM3': FileNotFoundError(2, 'The system cannot find the path specified.', None, 3)
2025-03-26 12:15:43,452 - INFO - Dispatcher started.
2025-03-26 12:15:43,453 - INFO - [HR] CSV writer started → data\HR_2025-03-26_12-15-43.csv
2025-03-26 12:15:43,454 - INFO - [HL] CSV writer started → data\HL_2025-03-26_12-15-43.csv
2025-03-26 12:15:43,455 - INFO - [FR] CSV writer started → data\FR_2025-03-26_12-15-43.csv
2025-03-26 12:15:43,455 - INFO - [FL] CSV writer started → data\FL_2025-03-26_12-15-43.csv
2025-03-26 12:15:43,456 - INFO - System started. Press Ctrl+C to stop.
2025-03-26 12:15:43,562 - INFO - Dispatcher error: 
2025-03-26 12:15:43,670 - INFO - Dispatcher error: 
2025-03-26 12:15:43,779 - INFO - Dispatcher error: 
2025-03-26 12:15:43,888 - INFO - Dispatcher error: 
2025-03-26 12:15:43,996 - INFO - Dispatcher error: 
2025-03-26 12:15:44,107 - INFO - Dispatcher error: 
2025-03-26 12:15:44,218 - INFO - Dispatcher error: 
2025-03-26 12:15:44,326 - INFO - Dispatcher error: 
2025-03-26 12:15:44,434 - INFO - Dispatcher error: 
2025-03-26 12:15:44,481 - INFO - [HR] Flushed 0 rows.
2025-03-26 12:15:44,513 - INFO - [HL] Flushed 0 rows.
2025-03-26 12:15:44,514 - INFO - [FL] Flushed 0 rows.
2025-03-26 12:15:44,514 - INFO - [FR] Flushed 0 rows.
2025-03-26 12:15:44,543 - INFO - Dispatcher error: 
2025-03-26 12:15:44,651 - INFO - Dispatcher error: 
2025-03-26 12:15:44,763 - INFO - Dispatcher error: 
2025-03-26 12:15:44,870 - INFO - Dispatcher error: 
2025-03-26 12:15:44,979 - INFO - Dispatcher error: 
2025-03-26 12:15:45,089 - INFO - Dispatcher error: 
2025-03-26 12:15:45,198 - INFO - Dispatcher error: 
2025-03-26 12:15:45,306 - INFO - Dispatcher error: 
2025-03-26 12:15:45,415 - INFO - Dispatcher error: 
2025-03-26 12:15:45,492 - INFO - [HR] Flushed 0 rows.
2025-03-26 12:15:45,493 - INFO - [FL] Flushed 0 rows.
2025-03-26 12:15:45,493 - INFO - [HL] Flushed 0 rows.
2025-03-26 12:15:45,493 - INFO - [FR] Flushed 0 rows.
2025-03-26 12:15:45,522 - INFO - Dispatcher error: 
2025-03-26 12:15:45,631 - INFO - Dispatcher error: 
2025-03-26 12:15:45,740 - INFO - Dispatcher error: 
2025-03-26 12:15:45,853 - INFO - Dispatcher error: 
2025-03-26 12:15:45,960 - INFO - Dispatcher error: 
2025-03-26 12:15:46,069 - INFO - Dispatcher error: 
2025-03-26 12:15:46,179 - INFO - Dispatcher error: 
2025-03-26 12:15:46,287 - INFO - Dispatcher error: 
2025-03-26 12:15:46,396 - INFO - Dispatcher error: 
2025-03-26 12:15:46,506 - INFO - [HL] Flushed 0 rows.
2025-03-26 12:15:46,506 - INFO - [HR] Flushed 0 rows.
2025-03-26 12:15:46,506 - INFO - [FR] Flushed 0 rows.
2025-03-26 12:15:46,507 - INFO - [FL] Flushed 0 rows.
2025-03-26 12:15:46,507 - INFO - Dispatcher error: 
2025-03-26 12:15:46,615 - INFO - Dispatcher error: 
2025-03-26 12:15:46,725 - INFO - Dispatcher error: 
2025-03-26 12:15:46,835 - INFO - Dispatcher error: 
2025-03-26 12:15:46,945 - INFO - Dispatcher error: 
2025-03-26 12:15:47,054 - INFO - Dispatcher error: 
2025-03-26 12:15:47,161 - INFO - Dispatcher error: 
2025-03-26 12:15:47,270 - INFO - Dispatcher error: 
2025-03-26 12:15:47,379 - INFO - Dispatcher error: 
2025-03-26 12:15:47,489 - INFO - Dispatcher error: 
2025-03-26 12:15:47,521 - INFO - [HR] Flushed 0 rows.
2025-03-26 12:15:47,521 - INFO - [FR] Flushed 0 rows.
2025-03-26 12:15:47,521 - INFO - [FL] Flushed 0 rows.
2025-03-26 12:15:47,521 - INFO - [HL] Flushed 0 rows.
2025-03-26 12:15:47,598 - INFO - Dispatcher error: 
2025-03-26 12:15:47,707 - INFO - Dispatcher error: 
2025-03-26 12:15:47,817 - INFO - Dispatcher error: 
2025-03-26 12:15:47,928 - INFO - Dispatcher error: 
2025-03-26 12:15:48,036 - INFO - Dispatcher error: 
2025-03-26 12:15:48,145 - INFO - Dispatcher error: 
2025-03-26 12:15:48,255 - INFO - Dispatcher error: 
2025-03-26 12:15:48,365 - INFO - Dispatcher error: 
2025-03-26 12:15:48,474 - INFO - Dispatcher error: 
2025-03-26 12:15:48,535 - INFO - [FL] Flushed 0 rows.
2025-03-26 12:15:48,536 - INFO - [FR] Flushed 0 rows.
2025-03-26 12:15:48,536 - INFO - [HL] Flushed 0 rows.
2025-03-26 12:15:48,536 - INFO - [HR] Flushed 0 rows.
2025-03-26 12:15:48,581 - INFO - Dispatcher error: 
2025-03-26 12:15:48,691 - INFO - Dispatcher error: 
2025-03-26 12:15:48,814 - INFO - Dispatcher error: 
2025-03-26 12:15:48,923 - INFO - Dispatcher error: 
2025-03-26 12:15:49,032 - INFO - Dispatcher error: 
2025-03-26 12:15:49,139 - INFO - Dispatcher error: 
2025-03-26 12:15:49,247 - INFO - Dispatcher error: 
2025-03-26 12:15:49,355 - INFO - Dispatcher error: 
2025-03-26 12:15:49,464 - INFO - Dispatcher error: 
2025-03-26 12:15:49,545 - INFO - [FL] Flushed 0 rows.
2025-03-26 12:15:49,545 - INFO - [FR] Flushed 0 rows.
2025-03-26 12:15:49,546 - INFO - [HR] Flushed 0 rows.
2025-03-26 12:15:49,546 - INFO - [HL] Flushed 0 rows.
2025-03-26 12:15:49,573 - INFO - Dispatcher error: 
2025-03-26 12:15:49,683 - INFO - Dispatcher error: 
2025-03-26 12:15:49,792 - INFO - Dispatcher error: 
2025-03-26 12:15:49,901 - INFO - Dispatcher error: 
2025-03-26 12:15:50,010 - INFO - Dispatcher error: 
2025-03-26 12:15:50,120 - INFO - Dispatcher error: 
2025-03-26 12:15:50,229 - INFO - Dispatcher error: 
2025-03-26 12:15:50,337 - INFO - Dispatcher error: 
2025-03-26 12:15:50,447 - INFO - Dispatcher error: 
2025-03-26 12:15:50,555 - INFO - Dispatcher error: 
2025-03-26 12:15:50,555 - INFO - [HL] Flushed 0 rows.
2025-03-26 12:15:50,555 - INFO - [FL] Flushed 0 rows.
2025-03-26 12:15:50,556 - INFO - [HR] Flushed 0 rows.
2025-03-26 12:15:50,556 - INFO - [FR] Flushed 0 rows.
2025-03-26 12:15:50,664 - INFO - Dispatcher error: 
2025-03-26 12:15:50,774 - INFO - Dispatcher error: 
2025-03-26 12:15:50,885 - INFO - Dispatcher error: 
2025-03-26 12:15:50,994 - INFO - Dispatcher error: 
2025-03-26 12:15:51,104 - INFO - Dispatcher error: 
2025-03-26 12:15:51,211 - INFO - Dispatcher error: 
2025-03-26 12:15:51,321 - INFO - Dispatcher error: 
2025-03-26 12:15:51,431 - INFO - Dispatcher error: 
2025-03-26 12:15:51,540 - INFO - Dispatcher error: 
2025-03-26 12:15:51,572 - INFO - [FL] Flushed 0 rows.
2025-03-26 12:15:51,572 - INFO - [HL] Flushed 0 rows.
2025-03-26 12:15:51,573 - INFO - [FR] Flushed 0 rows.
2025-03-26 12:15:51,573 - INFO - [HR] Flushed 0 rows.
2025-03-26 12:15:51,650 - INFO - Dispatcher error: 
2025-03-26 12:15:51,762 - INFO - Dispatcher error: 
2025-03-26 12:15:51,871 - INFO - Dispatcher error: 
2025-03-26 12:15:52,012 - INFO - Dispatcher error: 
2025-03-26 12:15:52,121 - INFO - Dispatcher error: 
2025-03-26 12:15:52,232 - INFO - Dispatcher error: 
2025-03-26 12:15:52,342 - INFO - Dispatcher error: 
2025-03-26 12:15:52,451 - INFO - Dispatcher error: 
2025-03-26 12:15:52,559 - INFO - Dispatcher error: 
2025-03-26 12:15:52,575 - INFO - [FL] Flushed 0 rows.
2025-03-26 12:15:52,575 - INFO - [FR] Flushed 0 rows.
2025-03-26 12:15:52,577 - INFO - [HL] Flushed 0 rows.
2025-03-26 12:15:52,575 - INFO - [HR] Flushed 0 rows.
2025-03-26 12:15:52,668 - INFO - Dispatcher error: 
2025-03-26 12:15:52,777 - INFO - Dispatcher error: 
2025-03-26 12:15:52,888 - INFO - Dispatcher error: 
2025-03-26 12:15:52,995 - INFO - Dispatcher error: 
2025-03-26 12:15:53,104 - INFO - Dispatcher error: 
2025-03-26 12:15:53,213 - INFO - Dispatcher error: 
2025-03-26 12:15:53,323 - INFO - Dispatcher error: 
2025-03-26 12:15:53,431 - INFO - Dispatcher error: 
2025-03-26 12:15:53,541 - INFO - Dispatcher error: 
2025-03-26 12:15:53,588 - INFO - [HR] Flushed 0 rows.
2025-03-26 12:15:53,589 - INFO - [FL] Flushed 0 rows.
2025-03-26 12:15:53,589 - INFO - [FR] Flushed 0 rows.
2025-03-26 12:15:53,589 - INFO - [HL] Flushed 0 rows.
2025-03-26 12:15:53,650 - INFO - Dispatcher error: 
2025-03-26 12:15:53,761 - INFO - Dispatcher error: 
2025-03-26 12:15:53,868 - INFO - Dispatcher error: 
2025-03-26 12:15:53,978 - INFO - Dispatcher error: 
2025-03-26 12:15:54,086 - INFO - Dispatcher error: 
2025-03-26 12:15:54,196 - INFO - Dispatcher error: 
2025-03-26 12:15:54,303 - INFO - Dispatcher error: 
2025-03-26 12:15:54,412 - INFO - Dispatcher error: 
2025-03-26 12:15:54,523 - INFO - Dispatcher error: 
2025-03-26 12:15:54,601 - INFO - [HL] Flushed 0 rows.
2025-03-26 12:15:54,601 - INFO - [FL] Flushed 0 rows.
2025-03-26 12:15:54,601 - INFO - [HR] Flushed 0 rows.
2025-03-26 12:15:54,601 - INFO - [FR] Flushed 0 rows.
2025-03-26 12:15:54,634 - INFO - Dispatcher error: 
2025-03-26 12:15:54,742 - INFO - Dispatcher error: 
2025-03-26 12:15:54,852 - INFO - Dispatcher error: 
2025-03-26 12:15:54,961 - INFO - Dispatcher error: 
2025-03-26 12:15:55,072 - INFO - Dispatcher error: 
2025-03-26 12:15:55,181 - INFO - Dispatcher error: 
2025-03-26 12:15:55,291 - INFO - Dispatcher error: 
2025-03-26 12:15:55,400 - INFO - Dispatcher error: 
2025-03-26 12:15:55,509 - INFO - Dispatcher error: 
2025-03-26 12:15:55,605 - INFO - [FL] Flushed 0 rows.
2025-03-26 12:15:55,606 - INFO - [HL] Flushed 0 rows.
2025-03-26 12:15:55,606 - INFO - [HR] Flushed 0 rows.
2025-03-26 12:15:55,606 - INFO - [FR] Flushed 0 rows.
2025-03-26 12:15:55,620 - INFO - Dispatcher error: 
2025-03-26 12:15:55,730 - INFO - Dispatcher error: 
2025-03-26 12:15:55,840 - INFO - Dispatcher error: 
2025-03-26 12:15:55,950 - INFO - Dispatcher error: 
2025-03-26 12:15:56,061 - INFO - Dispatcher error: 
2025-03-26 12:15:56,171 - INFO - Dispatcher error: 
2025-03-26 12:15:56,281 - INFO - Dispatcher error: 
2025-03-26 12:15:56,389 - INFO - Dispatcher error: 
2025-03-26 12:15:56,500 - INFO - Dispatcher error: 
2025-03-26 12:15:56,607 - INFO - [FL] Flushed 0 rows.
2025-03-26 12:15:56,607 - INFO - Dispatcher error: 
2025-03-26 12:15:56,608 - INFO - [FR] Flushed 0 rows.
2025-03-26 12:15:56,607 - INFO - [HL] Flushed 0 rows.
2025-03-26 12:15:56,608 - INFO - [HR] Flushed 0 rows.
2025-03-26 12:15:56,710 - INFO - Dispatcher error: 
2025-03-26 12:15:56,825 - INFO - Dispatcher error: 
2025-03-26 12:15:56,935 - INFO - Dispatcher error: 
2025-03-26 12:15:57,044 - INFO - Dispatcher error: 
2025-03-26 12:15:57,154 - INFO - Dispatcher error: 
2025-03-26 12:15:57,263 - INFO - Dispatcher error: 
2025-03-26 12:15:57,372 - INFO - Dispatcher error: 
2025-03-26 12:15:57,481 - INFO - Dispatcher error: 
2025-03-26 12:15:57,590 - INFO - Dispatcher error: 
2025-03-26 12:15:57,622 - INFO - [HR] Flushed 0 rows.
2025-03-26 12:15:57,622 - INFO - [FL] Flushed 0 rows.
2025-03-26 12:15:57,623 - INFO - [HL] Flushed 0 rows.
2025-03-26 12:15:57,623 - INFO - [FR] Flushed 0 rows.
2025-03-26 12:15:57,702 - INFO - Dispatcher error: 
2025-03-26 12:15:57,812 - INFO - Dispatcher error: 
2025-03-26 12:15:57,921 - INFO - Dispatcher error: 
2025-03-26 12:15:58,030 - INFO - Dispatcher error: 
2025-03-26 12:15:58,137 - INFO - Dispatcher error: 
2025-03-26 12:15:58,245 - INFO - Dispatcher error: 
2025-03-26 12:15:58,354 - INFO - Dispatcher error: 
2025-03-26 12:15:58,464 - INFO - Dispatcher error: 
2025-03-26 12:15:58,573 - INFO - Dispatcher error: 
2025-03-26 12:15:58,638 - INFO - [HL] Flushed 0 rows.
2025-03-26 12:15:58,638 - INFO - [FL] Flushed 0 rows.
2025-03-26 12:15:58,638 - INFO - [HR] Flushed 0 rows.
2025-03-26 12:15:58,639 - INFO - [FR] Flushed 0 rows.
2025-03-26 12:15:58,684 - INFO - Dispatcher error: 
2025-03-26 12:15:58,799 - INFO - Dispatcher error: 
2025-03-26 12:15:58,909 - INFO - Dispatcher error: 
2025-03-26 12:15:59,019 - INFO - Dispatcher error: 
2025-03-26 12:15:59,130 - INFO - Dispatcher error: 
2025-03-26 12:15:59,239 - INFO - Dispatcher error: 
2025-03-26 12:15:59,348 - INFO - Dispatcher error: 
2025-03-26 12:15:59,459 - INFO - Dispatcher error: 
2025-03-26 12:15:59,568 - INFO - Dispatcher error: 
2025-03-26 12:15:59,646 - INFO - [HR] Flushed 0 rows.
2025-03-26 12:15:59,647 - INFO - [FR] Flushed 0 rows.
2025-03-26 12:15:59,647 - INFO - [HL] Flushed 0 rows.
2025-03-26 12:15:59,647 - INFO - [FL] Flushed 0 rows.
2025-03-26 12:15:59,678 - INFO - Dispatcher error: 
2025-03-26 12:15:59,786 - INFO - Dispatcher error: 
2025-03-26 12:15:59,895 - INFO - Dispatcher error: 
2025-03-26 12:16:00,005 - INFO - Dispatcher error: 
2025-03-26 12:16:00,113 - INFO - Dispatcher error: 
2025-03-26 12:16:00,223 - INFO - Dispatcher error: 
2025-03-26 12:16:00,332 - INFO - Dispatcher error: 
2025-03-26 12:16:00,441 - INFO - Dispatcher error: 
2025-03-26 12:16:00,565 - INFO - Dispatcher error: 
2025-03-26 12:16:00,657 - INFO - [HL] Flushed 0 rows.
2025-03-26 12:16:00,657 - INFO - [FL] Flushed 0 rows.
2025-03-26 12:16:00,658 - INFO - [FR] Flushed 0 rows.
2025-03-26 12:16:00,658 - INFO - [HR] Flushed 0 rows.
2025-03-26 12:16:00,688 - INFO - Dispatcher error: 
2025-03-26 12:16:00,797 - INFO - Dispatcher error: 
2025-03-26 12:16:00,905 - INFO - Dispatcher error: 
2025-03-26 12:16:01,013 - INFO - Dispatcher error: 
2025-03-26 12:16:01,123 - INFO - Dispatcher error: 
2025-03-26 12:16:01,233 - INFO - Dispatcher error: 
2025-03-26 12:16:01,341 - INFO - Dispatcher error: 
2025-03-26 12:16:01,450 - INFO - Dispatcher error: 
2025-03-26 12:16:01,558 - INFO - Dispatcher error: 
2025-03-26 12:16:01,666 - INFO - Dispatcher error: 
2025-03-26 12:16:01,667 - INFO - [HL] Flushed 0 rows.
2025-03-26 12:16:01,667 - INFO - [FR] Flushed 0 rows.
2025-03-26 12:16:01,666 - INFO - [HR] Flushed 0 rows.
2025-03-26 12:16:01,667 - INFO - [FL] Flushed 0 rows.
2025-03-26 12:16:01,775 - INFO - Dispatcher error: 
2025-03-26 12:16:01,883 - INFO - Dispatcher error: 
2025-03-26 12:16:01,991 - INFO - Dispatcher error: 
2025-03-26 12:16:02,099 - INFO - Dispatcher error: 
2025-03-26 12:16:02,209 - INFO - Dispatcher error: 
2025-03-26 12:16:02,319 - INFO - Dispatcher error: 
2025-03-26 12:16:02,429 - INFO - Dispatcher error: 
2025-03-26 12:16:02,539 - INFO - Dispatcher error: 
2025-03-26 12:16:02,650 - INFO - Dispatcher error: 
2025-03-26 12:16:02,682 - INFO - [HR] Flushed 0 rows.
2025-03-26 12:16:02,683 - INFO - [HL] Flushed 0 rows.
2025-03-26 12:16:02,682 - INFO - [FR] Flushed 0 rows.
2025-03-26 12:16:02,682 - INFO - [FL] Flushed 0 rows.
2025-03-26 12:16:02,758 - INFO - Dispatcher error: 
2025-03-26 12:16:02,868 - INFO - Dispatcher error: 
2025-03-26 12:16:02,976 - INFO - Dispatcher error: 
2025-03-26 12:16:03,085 - INFO - Dispatcher error: 
2025-03-26 12:16:03,195 - INFO - Dispatcher error: 
2025-03-26 12:16:03,304 - INFO - Dispatcher error: 
2025-03-26 12:16:03,414 - INFO - Dispatcher error: 
2025-03-26 12:16:03,523 - INFO - Dispatcher error: 
2025-03-26 12:16:03,632 - INFO - Dispatcher error: 
2025-03-26 12:16:03,681 - INFO - [HR] Flushed 0 rows.
2025-03-26 12:16:03,681 - INFO - [HL] Flushed 0 rows.
2025-03-26 12:16:03,682 - INFO - [FL] Flushed 0 rows.
2025-03-26 12:16:03,682 - INFO - [FR] Flushed 0 rows.
2025-03-26 12:16:03,743 - INFO - Dispatcher error: 
2025-03-26 12:16:03,850 - INFO - Dispatcher error: 
2025-03-26 12:16:03,961 - INFO - Dispatcher error: 
2025-03-26 12:16:04,070 - INFO - Dispatcher error: 
2025-03-26 12:16:04,179 - INFO - Dispatcher error: 
2025-03-26 12:16:04,287 - INFO - Dispatcher error: 
2025-03-26 12:16:04,397 - INFO - Dispatcher error: 
2025-03-26 12:16:04,506 - INFO - Dispatcher error: 
2025-03-26 12:16:04,615 - INFO - Dispatcher error: 
2025-03-26 12:16:04,693 - INFO - [HL] Flushed 0 rows.
2025-03-26 12:16:04,694 - INFO - [FL] Flushed 0 rows.
2025-03-26 12:16:04,694 - INFO - [FR] Flushed 0 rows.
2025-03-26 12:16:04,694 - INFO - [HR] Flushed 0 rows.
2025-03-26 12:16:04,724 - INFO - Dispatcher error: 
2025-03-26 12:16:04,832 - INFO - Dispatcher error: 
2025-03-26 12:16:04,955 - INFO - Dispatcher error: 
2025-03-26 12:16:05,064 - INFO - Dispatcher error: 
2025-03-26 12:16:05,174 - INFO - Dispatcher error: 
2025-03-26 12:16:05,282 - INFO - Dispatcher error: 
2025-03-26 12:16:05,391 - INFO - Dispatcher error: 
2025-03-26 12:16:05,499 - INFO - Dispatcher error: 
2025-03-26 12:16:05,607 - INFO - Dispatcher error: 
2025-03-26 12:16:05,701 - INFO - [HL] Flushed 0 rows.
2025-03-26 12:16:05,702 - INFO - [HR] Flushed 0 rows.
2025-03-26 12:16:05,702 - INFO - [FL] Flushed 0 rows.
2025-03-26 12:16:05,702 - INFO - [FR] Flushed 0 rows.
2025-03-26 12:16:05,717 - INFO - Dispatcher error: 
2025-03-26 12:16:05,824 - INFO - Dispatcher error: 
2025-03-26 12:16:05,934 - INFO - Dispatcher error: 
2025-03-26 12:16:06,044 - INFO - Dispatcher error: 
2025-03-26 12:16:06,154 - INFO - Dispatcher error: 
2025-03-26 12:16:06,261 - INFO - Dispatcher error: 
2025-03-26 12:16:06,370 - INFO - Dispatcher error: 
2025-03-26 12:16:06,480 - INFO - Dispatcher error: 
2025-03-26 12:16:06,590 - INFO - Dispatcher error: 
2025-03-26 12:16:06,647 - INFO - Shutdown initiated. Stopping threads...
2025-03-26 12:16:06,647 - INFO - [/dev/ttyACM0] Disconnected.
2025-03-26 12:16:06,647 - INFO - [/dev/ttyACM1] Disconnected.
2025-03-26 12:16:06,648 - INFO - [/dev/ttyACM2] Disconnected.
2025-03-26 12:16:06,648 - INFO - [/dev/ttyACM3] Disconnected.
2025-03-26 12:16:06,648 - INFO - Dispatcher stopped.
2025-03-26 12:16:06,652 - INFO - [HR] CSV writer stopped.
2025-03-26 12:16:06,652 - INFO - [FR] CSV writer stopped.
2025-03-26 12:16:06,652 - INFO - [FL] CSV writer stopped.
2025-03-26 12:16:06,652 - INFO - [HL] CSV writer stopped.
2025-03-26 12:16:06,699 - INFO - Dispatcher error: 
2025-03-26 12:16:06,699 - INFO - All threads stopped. Exiting.
2025-03-26 12:16:24,849 - ERROR - [/dev/ttyACM1] Connection failed: could not open port '/dev/ttyACM1': FileNotFoundError(2, 'The system cannot find the path specified.', None, 3)
2025-03-26 12:16:24,849 - ERROR - [/dev/ttyACM2] Connection failed: could not open port '/dev/ttyACM2': FileNotFoundError(2, 'The system cannot find the path specified.', None, 3)
2025-03-26 12:16:24,850 - ERROR - [/dev/ttyACM3] Connection failed: could not open port '/dev/ttyACM3': FileNotFoundError(2, 'The system cannot find the path specified.', None, 3)
2025-03-26 12:16:24,850 - INFO - Dispatcher started.
2025-03-26 12:16:24,851 - INFO - [HR] CSV writer started → data\HR_2025-03-26_12-16-24.csv
2025-03-26 12:16:24,852 - INFO - [HL] CSV writer started → data\HL_2025-03-26_12-16-24.csv
2025-03-26 12:16:24,852 - INFO - [FR] CSV writer started → data\FR_2025-03-26_12-16-24.csv
2025-03-26 12:16:24,854 - INFO - [FL] CSV writer started → data\FL_2025-03-26_12-16-24.csv
2025-03-26 12:16:24,854 - INFO - System started. Press Ctrl+C to stop.
2025-03-26 12:16:24,868 - INFO - [COM4] Connected at 250000 baud.
2025-03-26 12:16:24,960 - INFO - Dispatcher error: 
2025-03-26 12:16:25,068 - INFO - Dispatcher error: 
2025-03-26 12:16:25,177 - INFO - Dispatcher error: 
2025-03-26 12:16:25,286 - INFO - Dispatcher error: 
2025-03-26 12:16:25,395 - INFO - Dispatcher error: 
2025-03-26 12:16:25,505 - INFO - Dispatcher error: 
2025-03-26 12:16:25,615 - INFO - Dispatcher error: 
2025-03-26 12:16:25,723 - INFO - Dispatcher error: 
2025-03-26 12:16:25,832 - INFO - Dispatcher error: 
2025-03-26 12:16:25,879 - INFO - [HL] Flushed 0 rows.
2025-03-26 12:16:25,879 - INFO - [FL] Flushed 0 rows.
2025-03-26 12:16:25,879 - INFO - [HR] Flushed 0 rows.
2025-03-26 12:16:25,879 - INFO - [FR] Flushed 0 rows.
2025-03-26 12:16:25,943 - INFO - Dispatcher error: 
2025-03-26 12:16:26,053 - INFO - Dispatcher error: 
2025-03-26 12:16:26,163 - INFO - Dispatcher error: 
2025-03-26 12:16:26,273 - INFO - Dispatcher error: 
2025-03-26 12:16:26,382 - INFO - Dispatcher error: 
2025-03-26 12:16:26,490 - INFO - Dispatcher error: 
2025-03-26 12:16:26,882 - INFO - [FR] Flushed 0 rows.
2025-03-26 12:16:26,882 - INFO - [FL] Flushed 0 rows.
2025-03-26 12:16:26,883 - INFO - [HL] Flushed 0 rows.
2025-03-26 12:16:26,883 - INFO - [HR] Flushed 35 rows.
2025-03-26 12:16:27,885 - INFO - [HR] Flushed 100 rows.
2025-03-26 12:16:27,909 - INFO - [HL] Flushed 0 rows.
2025-03-26 12:16:27,910 - INFO - [FL] Flushed 0 rows.
2025-03-26 12:16:27,924 - INFO - [FR] Flushed 0 rows.
2025-03-26 12:16:28,889 - INFO - [HR] Flushed 100 rows.
2025-03-26 12:16:28,922 - INFO - [HL] Flushed 0 rows.
2025-03-26 12:16:28,922 - INFO - [FR] Flushed 0 rows.
2025-03-26 12:16:28,922 - INFO - [FL] Flushed 0 rows.
2025-03-26 12:16:29,893 - INFO - [HR] Flushed 100 rows.
2025-03-26 12:16:29,932 - INFO - [FL] Flushed 0 rows.
2025-03-26 12:16:29,932 - INFO - [HL] Flushed 0 rows.
2025-03-26 12:16:29,932 - INFO - [FR] Flushed 0 rows.
2025-03-26 12:16:30,897 - INFO - [HR] Flushed 100 rows.
2025-03-26 12:16:30,933 - INFO - [HL] Flushed 0 rows.
2025-03-26 12:16:30,933 - INFO - [FL] Flushed 0 rows.
2025-03-26 12:16:30,933 - INFO - [FR] Flushed 0 rows.
2025-03-26 12:16:31,902 - INFO - [HR] Flushed 100 rows.
2025-03-26 12:16:31,944 - INFO - [FL] Flushed 0 rows.
2025-03-26 12:16:31,944 - INFO - [FR] Flushed 0 rows.
2025-03-26 12:16:31,944 - INFO - [HL] Flushed 0 rows.
2025-03-26 12:16:32,906 - INFO - [HR] Flushed 100 rows.
2025-03-26 12:16:32,960 - INFO - [FL] Flushed 0 rows.
2025-03-26 12:16:32,961 - INFO - [FR] Flushed 0 rows.
2025-03-26 12:16:32,961 - INFO - [HL] Flushed 0 rows.
2025-03-26 12:16:33,910 - INFO - [HR] Flushed 100 rows.
2025-03-26 12:16:33,987 - INFO - [HL] Flushed 0 rows.
2025-03-26 12:16:33,987 - INFO - [FL] Flushed 0 rows.
2025-03-26 12:16:33,987 - INFO - [FR] Flushed 0 rows.
2025-03-26 12:16:34,913 - INFO - [HR] Flushed 100 rows.
2025-03-26 12:16:34,989 - INFO - [HL] Flushed 0 rows.
2025-03-26 12:16:34,989 - INFO - [FL] Flushed 0 rows.
2025-03-26 12:16:34,989 - INFO - [FR] Flushed 0 rows.
2025-03-26 12:16:35,917 - INFO - [HR] Flushed 100 rows.
2025-03-26 12:16:36,001 - INFO - [HL] Flushed 0 rows.
2025-03-26 12:16:36,001 - INFO - [FR] Flushed 0 rows.
2025-03-26 12:16:36,001 - INFO - [FL] Flushed 0 rows.
2025-03-26 12:16:36,920 - INFO - [HR] Flushed 100 rows.
2025-03-26 12:16:37,012 - INFO - [FL] Flushed 0 rows.
2025-03-26 12:16:37,012 - INFO - [HL] Flushed 0 rows.
2025-03-26 12:16:37,012 - INFO - [FR] Flushed 0 rows.
2025-03-26 12:16:37,924 - INFO - [HR] Flushed 100 rows.
2025-03-26 12:16:38,027 - INFO - [HL] Flushed 0 rows.
2025-03-26 12:16:38,027 - INFO - [FR] Flushed 0 rows.
2025-03-26 12:16:38,027 - INFO - [FL] Flushed 0 rows.
2025-03-26 12:16:38,928 - INFO - [HR] Flushed 100 rows.
2025-03-26 12:16:39,041 - INFO - [FL] Flushed 0 rows.
2025-03-26 12:16:39,042 - INFO - [HL] Flushed 0 rows.
2025-03-26 12:16:39,042 - INFO - [FR] Flushed 0 rows.
2025-03-26 12:16:39,931 - INFO - [HR] Flushed 100 rows.
2025-03-26 12:16:40,042 - INFO - [FR] Flushed 0 rows.
2025-03-26 12:16:40,043 - INFO - [HL] Flushed 0 rows.
2025-03-26 12:16:40,043 - INFO - [FL] Flushed 0 rows.
2025-03-26 12:16:40,937 - INFO - [HR] Flushed 100 rows.
2025-03-26 12:16:41,054 - INFO - [FL] Flushed 0 rows.
2025-03-26 12:16:41,054 - INFO - [FR] Flushed 0 rows.
2025-03-26 12:16:41,054 - INFO - [HL] Flushed 0 rows.
2025-03-26 12:16:41,940 - INFO - [HR] Flushed 100 rows.
2025-03-26 12:16:42,063 - INFO - [FL] Flushed 0 rows.
2025-03-26 12:16:42,063 - INFO - [FR] Flushed 0 rows.
2025-03-26 12:16:42,063 - INFO - [HL] Flushed 0 rows.
2025-03-26 12:16:42,944 - INFO - [HR] Flushed 100 rows.
2025-03-26 12:16:43,077 - INFO - [FL] Flushed 0 rows.
2025-03-26 12:16:43,077 - INFO - [HL] Flushed 0 rows.
2025-03-26 12:16:43,077 - INFO - [FR] Flushed 0 rows.
2025-03-26 12:16:43,948 - INFO - [HR] Flushed 100 rows.
2025-03-26 12:16:44,087 - INFO - [HL] Flushed 0 rows.
2025-03-26 12:16:44,087 - INFO - [FR] Flushed 0 rows.
2025-03-26 12:16:44,087 - INFO - [FL] Flushed 0 rows.
2025-03-26 12:16:44,953 - INFO - [HR] Flushed 100 rows.
2025-03-26 12:16:45,103 - INFO - [FR] Flushed 0 rows.
2025-03-26 12:16:45,103 - INFO - [HL] Flushed 0 rows.
2025-03-26 12:16:45,103 - INFO - [FL] Flushed 0 rows.
2025-03-26 12:16:45,956 - INFO - [HR] Flushed 100 rows.
2025-03-26 12:16:46,115 - INFO - [FR] Flushed 0 rows.
2025-03-26 12:16:46,116 - INFO - [HL] Flushed 0 rows.
2025-03-26 12:16:46,116 - INFO - [FL] Flushed 0 rows.
2025-03-26 12:16:46,960 - INFO - [HR] Flushed 100 rows.
2025-03-26 12:16:47,127 - INFO - [FR] Flushed 0 rows.
2025-03-26 12:16:47,127 - INFO - [HL] Flushed 0 rows.
2025-03-26 12:16:47,127 - INFO - [FL] Flushed 0 rows.
2025-03-26 12:16:47,965 - INFO - [HR] Flushed 100 rows.
2025-03-26 12:16:48,142 - INFO - [HL] Flushed 0 rows.
2025-03-26 12:16:48,142 - INFO - [FR] Flushed 0 rows.
2025-03-26 12:16:48,142 - INFO - [FL] Flushed 0 rows.
2025-03-26 12:16:48,969 - INFO - [HR] Flushed 100 rows.
2025-03-26 12:16:49,150 - INFO - [HL] Flushed 0 rows.
2025-03-26 12:16:49,150 - INFO - [FR] Flushed 0 rows.
2025-03-26 12:16:49,150 - INFO - [FL] Flushed 0 rows.
2025-03-26 12:16:49,972 - INFO - [HR] Flushed 100 rows.
2025-03-26 12:16:50,162 - INFO - [HL] Flushed 0 rows.
2025-03-26 12:16:50,162 - INFO - [FL] Flushed 0 rows.
2025-03-26 12:16:50,162 - INFO - [FR] Flushed 0 rows.
2025-03-26 12:16:50,977 - INFO - [HR] Flushed 100 rows.
2025-03-26 12:16:51,175 - INFO - [FR] Flushed 0 rows.
2025-03-26 12:16:51,176 - INFO - [HL] Flushed 0 rows.
2025-03-26 12:16:51,176 - INFO - [FL] Flushed 0 rows.
2025-03-26 12:16:51,662 - INFO - Shutdown initiated. Stopping threads...
2025-03-26 12:16:51,663 - INFO - [COM4] Disconnected.
2025-03-26 12:16:51,664 - INFO - [/dev/ttyACM1] Disconnected.
2025-03-26 12:16:51,664 - INFO - [/dev/ttyACM2] Disconnected.
2025-03-26 12:16:51,664 - INFO - [/dev/ttyACM3] Disconnected.
2025-03-26 12:16:51,664 - INFO - Dispatcher stopped.
2025-03-26 12:16:51,673 - INFO - [FR] CSV writer stopped.
2025-03-26 12:16:51,673 - INFO - [FL] CSV writer stopped.
2025-03-26 12:16:51,673 - INFO - [HL] CSV writer stopped.
2025-03-26 12:16:51,673 - INFO - [HR] Flushed 68 rows.
2025-03-26 12:16:51,673 - INFO - [HR] CSV writer stopped.
2025-03-26 12:16:51,767 - INFO - Dispatcher error: 
2025-03-26 12:16:51,767 - INFO - All threads stopped. Exiting.
